\BOOKMARK [1][-]{toc.1}{\376\377\166\356\137\125}{}% 1
\BOOKMARK [1][-]{section.1}{\376\377\0001\000\040\140\016\116\110\117\177\165\050\217\331\116\375\173\024\213\260}{}% 2
\BOOKMARK [1][-]{section.2}{\376\377\0002\000\040\173\054\116\000\217\156\142\367\142\123\377\032\121\110\142\212\230\171\166\356\213\364\156\005\151\132}{}% 3
\BOOKMARK [2][-]{subsection.2.1}{\376\377\0002\000.\0001\000\040\121\110\165\050\116\000\123\345\213\335\133\232\116\111\217\331\116\052\230\171\166\356}{section.2}% 4
\BOOKMARK [2][-]{subsection.2.2}{\376\377\0002\000.\0002\000\040\227\142\213\325\137\000\127\072\136\224\213\345\140\016\116\110\213\262}{section.2}% 5
\BOOKMARK [2][-]{subsection.2.3}{\376\377\0002\000.\0003\000\040\174\373\176\337\166\204\122\006\134\102\140\016\116\110\167\013}{section.2}% 6
\BOOKMARK [2][-]{subsection.2.4}{\376\377\0002\000.\0004\000\040\116\072\116\300\116\110\217\331\116\052\174\373\176\337\116\015\146\057\173\200\123\125\166\204\000\040\000R\000A\000G\000\040\225\356\173\124}{section.2}% 7
\BOOKMARK [1][-]{section.3}{\376\377\0003\000\040\173\054\116\214\217\156\142\367\142\123\377\032\116\072\116\300\116\110\217\331\116\110\220\011\377\014\200\014\116\015\146\057\122\053\166\204}{}% 8
\BOOKMARK [2][-]{subsection.3.1}{\376\377\0003\000.\0001\000\040\000A\000g\000e\000n\000t\000\040\177\026\143\222\150\106\147\266\377\032\116\072\116\300\116\110\220\011\142\351\000\040\000L\000a\000n\000g\000G\000r\000a\000p\000h}{section.3}% 9
\BOOKMARK [2][-]{subsection.3.2}{\376\377\0003\000.\0002\000\040\000L\000a\000n\000g\000G\000r\000a\000p\000h\000\040\124\214\000\040\000D\000A\000G\000\040\166\204\121\163\174\373}{section.3}% 10
\BOOKMARK [2][-]{subsection.3.3}{\376\377\0003\000.\0003\000\040\116\072\116\300\116\110\217\330\211\201\000\040\000H\000a\000r\000n\000e\000s\000s\377\014\200\014\116\015\146\057\123\352\227\140\000\040\000L\000a\000n\000g\000G\000r\000a\000p\000h}{section.3}% 11
\BOOKMARK [2][-]{subsection.3.4}{\376\377\0003\000.\0004\000\040\116\072\116\300\116\110\211\201\137\025\121\145\000\040\000S\000k\000i\000l\000l\000\040\117\123\174\373\377\014\200\014\116\015\146\057\123\352\142\374\000\040\000P\000r\000o\000m\000p\000t}{section.3}% 12
\BOOKMARK [2][-]{subsection.3.5}{\376\377\0003\000.\0005\000\040\131\202\147\234\000\040\000S\000k\000i\000l\000l\000\040\211\304\152\041\137\210\131\047\377\014\140\016\116\110\220\177\121\115\124\057\122\250\141\142\060\001\123\071\221\115\141\142\124\214\217\320\210\114\116\055\145\255\176\277}{section.3}% 13
\BOOKMARK [2][-]{subsection.3.6}{\376\377\0003\000.\0006\000\040\000L\000L\000M\000\040\220\011\127\213\377\032\116\072\116\300\116\110\137\072\214\003\176\323\147\204\123\026\217\223\121\372\124\214\135\345\121\167\214\003\165\050}{section.3}% 14
\BOOKMARK [2][-]{subsection.3.7}{\376\377\0003\000.\0007\000\040\155\117\211\310\126\150\201\352\122\250\123\026\377\032\116\072\116\300\116\110\220\011\142\351\000\040\000P\000l\000a\000y\000w\000r\000i\000g\000h\000t}{section.3}% 15
\BOOKMARK [2][-]{subsection.3.8}{\376\377\0003\000.\0008\000\040\116\072\116\300\116\110\211\201\133\236\163\260\116\011\134\102\155\117\211\310\126\150\143\320\123\326\173\126\165\145}{section.3}% 16
\BOOKMARK [2][-]{subsection.3.9}{\376\377\0003\000.\0009\000\040\000R\000A\000G\000\040\116\016\124\021\221\317\136\223\377\032\116\072\116\300\116\110\220\011\142\351\000\040\000p\000g\000v\000e\000c\000t\000o\000r}{section.3}% 17
\BOOKMARK [2][-]{subsection.3.10}{\376\377\0003\000.\0001\0000\000\040\116\072\116\300\116\110\121\205\220\350\150\300\175\042\116\015\146\057\040\034\147\345\116\000\116\013\134\061\126\336\173\124\040\035}{section.3}% 18
\BOOKMARK [2][-]{subsection.3.11}{\376\377\0003\000.\0001\0001\000\040\165\037\116\247\217\375\225\356\377\032\000Q\000A\000\040\000A\000g\000e\000n\000t\000\040\124\214\000\040\000D\000e\000e\000p\000\040\000S\000e\000a\000r\000c\000h\000\040\000A\000g\000e\000n\000t\000\040\166\204\000\040\000S\000L\000O\000\040\116\072\116\300\116\110\116\015\124\014}{section.3}% 19
\BOOKMARK [1][-]{section.4}{\376\377\0004\000\040\173\054\116\011\217\156\142\367\142\123\377\032\174\373\176\337\122\060\136\225\140\016\116\110\215\321\377\014\162\266\140\001\140\016\116\110\155\101}{}% 20
\BOOKMARK [2][-]{subsection.4.1}{\376\377\0004\000.\0001\000\040\116\316\000\040\000A\000P\000I\000\040\122\060\142\245\124\112\166\204\133\214\145\164\165\037\124\175\124\150\147\037}{section.4}% 21
\BOOKMARK [2][-]{subsection.4.2}{\376\377\0004\000.\0002\000\040\165\037\116\247\217\375\225\356\377\032\217\331\116\052\000\040\000A\000g\000e\000n\000t\000\040\000r\000u\000n\000t\000i\000m\000e\000\040\122\060\136\225\146\057\000\040\000a\000u\000t\000o\000n\000o\000m\000o\000u\000s\000\040\000l\000o\000o\000p\000\040\217\330\146\057\146\076\137\017\000\040\000D\000A\000G}{section.4}% 22
\BOOKMARK [2][-]{subsection.4.3}{\376\377\0004\000.\0003\000\040\121\154\137\000\162\266\140\001\116\016\121\205\220\350\217\320\210\114\162\266\140\001\116\072\116\300\116\110\211\201\122\006\137\000}{section.4}% 23
\BOOKMARK [2][-]{subsection.4.4}{\376\377\0004\000.\0004\000\040\000R\000e\000s\000e\000a\000r\000c\000h\000S\000t\000a\000t\000e\000\040\116\072\116\300\116\110\146\057\217\331\116\052\174\373\176\337\166\204\150\070\137\303}{section.4}% 24
\BOOKMARK [2][-]{subsection.4.5}{\376\377\0004\000.\0005\000\040\000P\000l\000a\000n\000n\000e\000r\000\040\131\202\117\125\165\037\142\020\000\040\000D\000A\000G\377\014\116\072\116\300\116\110\217\330\227\000\211\201\000\040\000f\000a\000l\000l\000b\000a\000c\000k}{section.4}% 25
\BOOKMARK [2][-]{subsection.4.6}{\376\377\0004\000.\0006\000\040\000D\000A\000G\000\040\166\204\153\143\170\156\140\047\131\202\117\125\117\335\213\301}{section.4}% 26
\BOOKMARK [2][-]{subsection.4.7}{\376\377\0004\000.\0007\000\040\116\072\116\300\116\110\211\201\121\110\000\040\000i\000n\000t\000e\000r\000n\000a\000l\000\040\000R\000A\000G\377\014\121\215\121\263\133\232\211\201\116\015\211\201\200\124\177\121}{section.4}% 27
\BOOKMARK [2][-]{subsection.4.8}{\376\377\0004\000.\0008\000\040\135\345\121\167\202\202\160\271\116\072\116\300\116\110\137\305\230\173\217\324\126\336\146\076\137\017\176\323\147\234\131\121\176\246}{section.4}% 28
\BOOKMARK [2][-]{subsection.4.9}{\376\377\0004\000.\0009\000\040\140\016\150\067\220\177\121\115\123\125\160\271\145\105\226\234\142\212\145\164\147\141\224\376\215\357\142\326\153\173}{section.4}% 29
\BOOKMARK [2][-]{subsection.4.10}{\376\377\0004\000.\0001\0000\000\040\174\373\176\337\117\032\116\015\117\032\116\316\123\206\123\362\131\061\215\045\221\314\124\070\123\326\145\131\213\255}{section.4}% 30
\BOOKMARK [2][-]{subsection.4.11}{\376\377\0004\000.\0001\0001\000\040\000S\000e\000a\000r\000c\000h\000\040\000/\000\040\000B\000r\000o\000w\000s\000e\000r\000\040\000/\000\040\000R\000A\000G\000\040\116\011\174\173\202\202\160\271\131\202\117\125\122\006\135\345}{section.4}% 31
\BOOKMARK [1][-]{section.5}{\376\377\0005\000\040\173\054\126\333\217\156\142\367\142\123\377\032\121\163\225\056\147\072\122\066\146\057\116\015\146\057\117\140\167\037\166\204\120\132\217\307}{}% 32
\BOOKMARK [2][-]{subsection.5.1}{\376\377\0005\000.\0001\000\040\000A\000n\000a\000l\000y\000s\000t\000\040\116\072\116\300\116\110\123\125\162\354\133\130\127\050}{section.5}% 33
\BOOKMARK [2][-]{subsection.5.2}{\376\377\0005\000.\0002\000\040\000R\000e\000f\000l\000e\000c\000t\000i\000o\000n\000\040\116\072\116\300\116\110\116\015\200\375\167\001\143\211}{section.5}% 34
\BOOKMARK [2][-]{subsection.5.3}{\376\377\0005\000.\0003\000\040\000R\000e\000f\000l\000e\000c\000t\000i\000o\000n\000\040\124\214\117\040\176\337\000\040\000r\000e\000v\000i\000e\000w\000e\000r\000\040\166\204\123\072\122\053}{section.5}% 35
\BOOKMARK [2][-]{subsection.5.4}{\376\377\0005\000.\0004\000\040\000R\000R\000F\000\040\207\215\124\010\150\300\175\042\116\072\116\300\116\110\124\010\164\006}{section.5}% 36
\BOOKMARK [2][-]{subsection.5.5}{\376\377\0005\000.\0005\000\040\000C\000h\000e\000c\000k\000p\000o\000i\000n\000t\000e\000r\000\040\166\204\167\037\133\236\116\367\120\074\146\057\116\300\116\110}{section.5}% 37
\BOOKMARK [2][-]{subsection.5.6}{\376\377\0005\000.\0006\000\040\116\072\116\300\116\110\000\040\000S\000S\000E\000\040\133\371\217\331\116\052\174\373\176\337\221\315\211\201}{section.5}% 38
\BOOKMARK [1][-]{section.6}{\376\377\0006\000\040\173\054\116\224\217\156\142\367\142\123\377\032\140\047\200\375\060\001\142\020\147\054\124\214\215\104\156\220\140\016\116\110\142\133}{}% 39
\BOOKMARK [2][-]{subsection.6.1}{\376\377\0006\000.\0001\000\040\116\072\116\300\116\110\136\166\210\114\142\147\210\114\200\375\146\076\204\127\226\115\117\116\145\366\136\366}{section.6}% 40
\BOOKMARK [2][-]{subsection.6.2}{\376\377\0006\000.\0002\000\040\000T\000o\000k\000e\000n\000\040\117\030\123\026\173\126\165\145}{section.6}% 41
\BOOKMARK [2][-]{subsection.6.3}{\376\377\0006\000.\0003\000\040\145\160\143\156\136\223\117\030\123\026\140\016\116\110\167\013}{section.6}% 42
\BOOKMARK [1][-]{section.7}{\376\377\0007\000\040\173\054\121\155\217\156\142\367\142\123\377\032\117\140\140\016\116\110\213\301\146\016\133\203\154\241\200\341\147\145}{}% 43
\BOOKMARK [2][-]{subsection.7.1}{\376\377\0007\000.\0001\000\040\142\021\117\032\167\013\124\352\116\233\143\007\150\007}{section.7}% 44
\BOOKMARK [2][-]{subsection.7.2}{\376\377\0007\000.\0002\000\040\000E\000m\000b\000e\000d\000d\000i\000n\000g\000\040\140\016\116\110\213\304\117\060\377\014\121\111\167\013\000\040\000M\000T\000E\000B\000\040\151\234\123\125\210\114\116\015\210\114}{section.7}% 45
\BOOKMARK [2][-]{subsection.7.3}{\376\377\0007\000.\0003\000\040\165\037\116\247\217\375\225\356\377\032\000A\000g\000e\000n\000t\000\040\000E\000v\000a\000l\000\040\140\016\116\110\142\306\122\060\123\357\133\232\117\115\145\105\226\234}{section.7}% 46
\BOOKMARK [2][-]{subsection.7.4}{\376\377\0007\000.\0004\000\040\165\037\116\247\217\375\225\356\377\032\145\340\130\236\166\312\000\040\000t\000o\000o\000l\000\040\000c\000a\000l\000l\000\040\140\016\116\110\221\317\123\026\124\214\154\273\164\006}{section.7}% 47
\BOOKMARK [2][-]{subsection.7.5}{\376\377\0007\000.\0005\000\040\165\037\116\247\217\375\225\356\377\032\000C\000h\000u\000n\000k\000i\000n\000g\000\040\131\202\117\125\220\177\121\115\170\064\127\117\213\301\143\156\217\271\165\114}{section.7}% 48
\BOOKMARK [2][-]{subsection.7.6}{\376\377\0007\000.\0006\000\040\165\037\116\247\217\375\225\356\377\032\131\032\150\074\137\017\145\207\150\143\131\202\117\125\120\132\000\040\000c\000a\000n\000o\000n\000i\000c\000a\000l\000\040\000r\000e\000p\000r\000e\000s\000e\000n\000t\000a\000t\000i\000o\000n}{section.7}% 49
\BOOKMARK [2][-]{subsection.7.7}{\376\377\0007\000.\0007\000\040\165\037\116\247\217\375\225\356\377\032\000E\000m\000b\000e\000d\000d\000i\000n\000g\060\001\172\040\133\306\123\354\126\336\124\214\000\040\000R\000e\000r\000a\000n\000k\000\040\166\204\123\326\202\015\217\271\165\114}{section.7}% 50
\BOOKMARK [2][-]{subsection.7.8}{\376\377\0007\000.\0008\000\040\165\037\116\247\217\375\225\356\377\032\000R\000A\000G\000\040\116\213\145\105\131\202\117\125\133\232\117\115\122\060\000\040\000r\000e\000t\000r\000i\000e\000v\000a\000l\060\001\000r\000a\000n\000k\000i\000n\000g\000\040\217\330\146\057\000\040\000g\000e\000n\000e\000r\000a\000t\000i\000o\000n}{section.7}% 51
\BOOKMARK [2][-]{subsection.7.9}{\376\377\0007\000.\0009\000\040\000t\000r\000a\000c\000e\000\040\116\072\116\300\116\110\211\201\122\006\142\020\121\340\147\141\176\277}{section.7}% 52
\BOOKMARK [1][-]{section.8}{\376\377\0008\000\040\173\054\116\003\217\156\142\367\142\123\377\032\124\352\116\233\200\375\124\071\377\014\124\352\116\233\116\015\200\375\124\071}{}% 53
\BOOKMARK [2][-]{subsection.8.1}{\376\377\0008\000.\0001\000\040\137\123\122\115\167\037\133\236\133\214\142\020\136\246\136\224\213\345\140\016\116\110\213\332\133\236\210\150\217\276}{section.8}% 54
\BOOKMARK [2][-]{subsection.8.2}{\376\377\0008\000.\0002\000\040\131\061\215\045\213\355\116\111\116\072\116\300\116\110\146\057\154\273\164\006\173\054\116\000\117\030\121\110\176\247}{section.8}% 55
\BOOKMARK [2][-]{subsection.8.3}{\376\377\0008\000.\0003\000\040\117\032\213\335\176\247\230\204\173\227\154\273\164\006\163\260\127\050\122\060\116\206\116\300\116\110\172\013\136\246}{section.8}% 56
\BOOKMARK [2][-]{subsection.8.4}{\376\377\0008\000.\0004\000\040\154\325\213\301\176\247\133\241\213\241\163\260\127\050\122\060\116\206\116\300\116\110\172\013\136\246}{section.8}% 57
\BOOKMARK [1][-]{section.9}{\376\377\0009\000\040\173\054\121\153\217\156\142\367\142\123\377\032\220\252\140\166\000\040\000A\000g\000e\000n\000t\000\040\140\016\116\110\173\241\117\117}{}% 58
\BOOKMARK [2][-]{subsection.9.1}{\376\377\0009\000.\0001\000\040\154\273\164\006\225\355\163\257\163\260\162\266\122\044\145\255}{section.9}% 59
\BOOKMARK [2][-]{subsection.9.2}{\376\377\0009\000.\0002\000\040\133\241\142\171\162\266\140\001\156\220\377\010\000A\000p\000p\000r\000o\000v\000a\000l\000\040\000S\000o\000u\000r\000c\000e\000\040\000o\000f\000\040\000T\000r\000u\000t\000h\377\011}{section.9}% 60
\BOOKMARK [2][-]{subsection.9.3}{\376\377\0009\000.\0003\000\040\116\072\116\300\116\110\131\026\220\350\133\241\142\171\123\352\200\375\146\057\117\341\123\367\377\014\116\015\200\375\146\057\125\057\116\000\210\301\121\263}{section.9}% 61
\BOOKMARK [2][-]{subsection.9.4}{\376\377\0009\000.\0004\000\040\000H\000a\000r\000n\000e\000s\000s\000\040\131\026\143\002\213\276\213\241}{section.9}% 62
\BOOKMARK [2][-]{subsection.9.5}{\376\377\0009\000.\0005\000\040\000M\000C\000P\000\040\133\211\121\150\143\245\121\145\123\237\122\031}{section.9}% 63
\BOOKMARK [2][-]{subsection.9.6}{\376\377\0009\000.\0006\000\040\165\037\116\247\217\375\225\356\377\032\000M\000C\000P\000\040\123\117\213\256\134\102\060\001\117\040\217\223\134\102\124\214\154\273\164\006\134\102\140\016\116\110\142\306}{section.9}% 64
\BOOKMARK [2][-]{subsection.9.7}{\376\377\0009\000.\0007\000\040\116\072\116\300\116\110\000\040\000A\000g\000e\000n\000t\000\040\214\003\135\345\121\167\145\366\146\364\133\271\146\023\121\372\116\213}{section.9}% 65
\BOOKMARK [2][-]{subsection.9.8}{\376\377\0009\000.\0008\000\040\000H\000a\000r\000n\000e\000s\000s\000\040\135\345\121\167\134\102\140\016\116\110\143\041\117\117\215\212\147\103\124\214\136\046\153\322\123\302\145\160}{section.9}% 66
\BOOKMARK [2][-]{subsection.9.9}{\376\377\0009\000.\0009\000\040\116\224\174\173\136\173\211\311\140\016\116\110\154\273\164\006}{section.9}% 67
\BOOKMARK [1][-]{section.10}{\376\377\0001\0000\000\040\173\054\116\135\217\156\142\367\142\123\377\032\232\330\123\213\217\375\225\356\140\016\116\110\143\245}{}% 68
\BOOKMARK [2][-]{subsection.10.1}{\376\377\0001\0000\000.\0001\000\040\116\072\116\300\116\110\220\011\142\351\000\040\000L\000a\000n\000g\000G\000r\000a\000p\000h\377\014\200\014\116\015\146\057\166\364\143\245\120\132\131\032\000\040\000A\000g\000e\000n\000t\000\040\133\371\213\335}{section.10}% 69
\BOOKMARK [2][-]{subsection.10.2}{\376\377\0001\0000\000.\0002\000\040\116\072\116\300\116\110\122\250\117\134\133\241\142\171\166\204\147\103\132\001\156\220\137\305\230\173\146\057\000\040\000D\000B}{section.10}% 70
\BOOKMARK [2][-]{subsection.10.3}{\376\377\0001\0000\000.\0003\000\040\116\072\116\300\116\110\131\026\220\350\133\241\142\171\116\015\200\375\166\364\143\245\117\134\116\072\142\147\210\114\117\235\143\156}{section.10}% 71
\BOOKMARK [2][-]{subsection.10.4}{\376\377\0001\0000\000.\0004\000\040\116\072\116\300\116\110\211\201\127\050\000\040\000L\000a\000n\000g\000G\000r\000a\000p\000h\000\040\131\026\121\215\122\240\000\040\000H\000a\000r\000n\000e\000s\000s}{section.10}% 72
\BOOKMARK [2][-]{subsection.10.5}{\376\377\0001\0000\000.\0005\000\040\116\072\116\300\116\110\000\040\000M\000C\000P\000\040\137\305\230\173\121\110\217\307\000\040\000p\000o\000l\000i\000c\000y\000\040\000p\000r\000o\000x\000y}{section.10}% 73
\BOOKMARK [2][-]{subsection.10.6}{\376\377\0001\0000\000.\0006\000\040\230\204\173\227\154\273\164\006\116\072\116\300\116\110\116\015\200\375\123\352\120\132\217\157\143\320\171\072}{section.10}% 74
\BOOKMARK [1][-]{section.11}{\376\377\0001\0001\000\040\226\104\137\125\377\032\000A\000g\000e\000n\000t\000\040\134\227\136\225\134\102\143\250\164\006\142\367\142\123}{}% 75
\BOOKMARK [2][-]{subsection.11.1}{\376\377\0001\0001\000.\0001\000\040\136\225\134\102\230\230\377\032\116\015\165\050\150\106\147\266\121\231\000\040\000m\000u\000l\000t\000i\000-\000h\000e\000a\000d\000\040\000a\000t\000t\000e\000n\000t\000i\000o\000n\377\014\131\202\117\125\213\301\146\016\000\040\000s\000h\000a\000p\000e\000\040\124\214\000\040\000m\000a\000s\000k\000\040\154\241\225\031}{section.11}% 76
\BOOKMARK [1][-]{section.12}{\376\377\0001\0002\000\040\173\054\123\101\217\156\142\367\142\123\377\032\117\030\123\026\213\260\137\125\140\073\210\150\116\016\133\236\145\275\213\301\143\156}{}% 77
\BOOKMARK [1][-]{section.13}{\376\377\0001\0003\000\040\173\054\123\101\116\000\217\156\142\367\142\123\377\032\000H\000a\000r\000n\000e\000s\000s\000\040\153\317\116\000\131\004\176\306\202\202\140\016\116\110\142\306}{}% 78
\BOOKMARK [2][-]{subsection.13.1}{\376\377\0001\0003\000.\0001\000\040\116\072\116\300\116\110\000\040\000H\000a\000r\000n\000e\000s\000s\000\040\116\015\146\057\040\034\121\215\122\240\116\000\116\052\145\345\137\327\145\207\116\366\040\035}{section.13}% 79
\BOOKMARK [2][-]{subsection.13.2}{\376\377\0001\0003\000.\0002\000\040\000P\000r\000o\000g\000r\000e\000s\000s\000\040\000f\000i\000l\000e\000\040\116\072\116\300\116\110\146\057\000\040\000a\000p\000p\000e\000n\000d\000-\000o\000n\000l\000y}{section.13}% 80
\BOOKMARK [2][-]{subsection.13.3}{\376\377\0001\0003\000.\0003\000\040\000T\000a\000s\000k\000s\000\040\000J\000S\000O\000N\000\040\116\072\116\300\116\110\146\057\000\040\000s\000t\000r\000u\000c\000t\000u\000r\000e\000d\000\040\000s\000t\000a\000t\000e}{section.13}% 81
\BOOKMARK [2][-]{subsection.13.4}{\376\377\0001\0003\000.\0004\000\040\000A\000c\000t\000i\000v\000e\000\040\000m\000a\000r\000k\000e\000r\000\040\166\204\141\017\116\111}{section.13}% 82
\BOOKMARK [2][-]{subsection.13.5}{\376\377\0001\0003\000.\0005\000\040\000L\000e\000a\000s\000e\000\040\116\072\116\300\116\110\146\057\225\177\116\373\122\241\000\040\000A\000g\000e\000n\000t\000\040\166\204\150\070\137\303\133\127\153\265}{section.13}% 83
\BOOKMARK [2][-]{subsection.13.6}{\376\377\0001\0003\000.\0006\000\040\116\072\116\300\116\110\140\142\131\015\217\271\165\114\116\015\200\375\123\352\227\140\000\040\000L\000a\000n\000g\000G\000r\000a\000p\000h\000\040\000c\000h\000e\000c\000k\000p\000o\000i\000n\000t\000e\000r}{section.13}% 84
\BOOKMARK [2][-]{subsection.13.7}{\376\377\0001\0003\000.\0007\000\040\000R\000o\000l\000l\000b\000a\000c\000k\000\040\116\072\116\300\116\110\116\015\200\375\226\217\117\277\120\132}{section.13}% 85
\BOOKMARK [2][-]{subsection.13.8}{\376\377\0001\0003\000.\0008\000\040\000D\000e\000p\000e\000n\000d\000e\000n\000c\000y\000\040\116\016\000\040\000b\000l\000o\000c\000k\000e\000d\000\040\000p\000r\000o\000p\000a\000g\000a\000t\000i\000o\000n}{section.13}% 86
\BOOKMARK [2][-]{subsection.13.9}{\376\377\0001\0003\000.\0009\000\040\000S\000t\000a\000t\000s\000\040\116\072\116\300\116\110\146\057\140\142\131\015\123\117\213\256\166\204\116\000\220\350\122\006}{section.13}% 87
\BOOKMARK [2][-]{subsection.13.10}{\376\377\0001\0003\000.\0001\0000\000\040\000H\000a\000r\000n\000e\000s\000s\000\040\227\142\213\325\217\375\225\356\156\005\123\125}{section.13}% 88
\BOOKMARK [1][-]{section.14}{\376\377\0001\0004\000\040\173\054\123\101\116\214\217\156\142\367\142\123\377\032\000M\000C\000P\000\040\123\117\213\256\116\016\154\273\164\006\140\016\116\110\213\262\155\361}{}% 89
\BOOKMARK [2][-]{subsection.14.1}{\376\377\0001\0004\000.\0001\000\040\000M\000C\000P\000\040\166\204\116\011\134\102\176\323\147\204}{section.14}% 90
\BOOKMARK [2][-]{subsection.14.2}{\376\377\0001\0004\000.\0002\000\040\116\072\116\300\116\110\000\040\000J\000S\000O\000N\000-\000R\000P\000C\000\040\220\002\124\010\000\040\000M\000C\000P}{section.14}% 91
\BOOKMARK [2][-]{subsection.14.3}{\376\377\0001\0004\000.\0003\000\040\000s\000t\000d\000i\000o\000\040\116\016\000\040\000S\000t\000r\000e\000a\000m\000a\000b\000l\000e\000\040\000H\000T\000T\000P\000\040\140\016\116\110\153\324\217\203}{section.14}% 92
\BOOKMARK [2][-]{subsection.14.4}{\376\377\0001\0004\000.\0004\000\040\000T\000o\000o\000l\000\040\000i\000n\000p\000u\000t\000S\000c\000h\000e\000m\000a\000\040\116\072\116\300\116\110\137\305\230\173\204\075\122\060\142\147\210\114\122\115}{section.14}% 93
\BOOKMARK [2][-]{subsection.14.5}{\376\377\0001\0004\000.\0005\000\040\116\072\116\300\116\110\000\040\000t\000o\000o\000l\000\040\000a\000n\000n\000o\000t\000a\000t\000i\000o\000n\000s\000\040\116\015\200\375\137\123\133\211\121\150\117\235\143\156}{section.14}% 94
\BOOKMARK [2][-]{subsection.14.6}{\376\377\0001\0004\000.\0006\000\040\000M\000C\000P\000\040\000a\000u\000t\000h\000o\000r\000i\000z\000a\000t\000i\000o\000n\000\040\140\016\116\110\126\336\173\124}{section.14}% 95
\BOOKMARK [2][-]{subsection.14.7}{\376\377\0001\0004\000.\0007\000\040\000M\000C\000P\000\040\227\142\213\325\217\375\225\356\156\005\123\125}{section.14}% 96
\BOOKMARK [1][-]{section.15}{\376\377\0001\0005\000\040\173\054\123\101\116\011\217\156\142\367\142\123\377\032\000A\000g\000e\000n\000t\000\040\137\000\123\321\134\227\117\115\136\225\134\102\200\375\122\233}{}% 97
\BOOKMARK [2][-]{subsection.15.1}{\376\377\0001\0005\000.\0001\000\040\136\163\123\360\127\372\170\100\213\276\145\275\176\277}{section.15}% 98
\BOOKMARK [2][-]{subsection.15.2}{\376\377\0001\0005\000.\0002\000\040\136\224\165\050\000/\000R\000A\000G\000\040\170\024\172\166\176\277}{section.15}% 99
\BOOKMARK [2][-]{subsection.15.3}{\376\377\0001\0005\000.\0003\000\040\133\211\121\150\154\273\164\006\176\277}{section.15}% 100
\BOOKMARK [2][-]{subsection.15.4}{\376\377\0001\0005\000.\0004\000\040\000A\000g\000e\000n\000t\000\040\134\227\232\330\123\213\230\230\136\223\377\032\136\163\123\360\127\372\170\100\213\276\145\275}{section.15}% 101
\BOOKMARK [2][-]{subsection.15.5}{\376\377\0001\0005\000.\0005\000\040\000A\000g\000e\000n\000t\000\040\134\227\232\330\123\213\230\230\136\223\377\032\136\224\165\050\116\016\000\040\000R\000A\000G}{section.15}% 102
\BOOKMARK [2][-]{subsection.15.6}{\376\377\0001\0005\000.\0006\000\040\000A\000g\000e\000n\000t\000\040\134\227\232\330\123\213\230\230\136\223\377\032\133\211\121\150\154\273\164\006}{section.15}% 103
\BOOKMARK [1][-]{section.16}{\376\377\0001\0006\000\040\173\054\123\101\126\333\217\156\142\367\142\123\377\032\000S\000k\000i\000l\000l\000\040\117\123\174\373\155\361\143\026}{}% 104
\BOOKMARK [2][-]{subsection.16.1}{\376\377\0001\0006\000.\0001\000\040\116\072\116\300\116\110\000\040\000M\000a\000r\000k\000d\000o\000w\000n\000\040\000+\000\040\000Y\000A\000M\000L\000\040\000f\000r\000o\000n\000t\000m\000a\000t\000t\000e\000r}{section.16}% 105
\BOOKMARK [2][-]{subsection.16.2}{\376\377\0001\0006\000.\0002\000\040\000P\000r\000o\000g\000r\000e\000s\000s\000i\000v\000e\000\040\000d\000i\000s\000c\000l\000o\000s\000u\000r\000e\000\040\127\050\000\040\000S\000k\000i\000l\000l\000\040\221\314\166\204\124\053\116\111}{section.16}% 106
\BOOKMARK [2][-]{subsection.16.3}{\376\377\0001\0006\000.\0003\000\040\000S\000c\000o\000p\000e\000\040\116\072\116\300\116\110\116\015\200\375\210\253\000\040\000m\000a\000n\000u\000a\000l\000\040\000e\000n\000a\000b\000l\000e\000\040\176\325\217\307}{section.16}% 107
\BOOKMARK [2][-]{subsection.16.4}{\376\377\0001\0006\000.\0004\000\040\000S\000n\000a\000p\000s\000h\000o\000t\000\040\116\072\116\300\116\110\146\057\000\040\000S\000k\000i\000l\000l\000\040\217\320\210\114\145\366\166\204\121\163\225\056}{section.16}% 108
\BOOKMARK [2][-]{subsection.16.5}{\376\377\0001\0006\000.\0005\000\040\000S\000k\000i\000l\000l\000\040\124\214\000\040\000M\000C\000P\000\040\166\204\121\163\174\373}{section.16}% 109
\BOOKMARK [2][-]{subsection.16.6}{\376\377\0001\0006\000.\0006\000\040\000S\000k\000i\000l\000l\000\040\227\142\213\325\217\375\225\356\156\005\123\125}{section.16}% 110
\BOOKMARK [1][-]{section.17}{\376\377\0001\0007\000\040\173\054\123\101\116\224\217\156\142\367\142\123\377\032\117\030\123\026\215\357\176\277\126\376\140\016\116\110\213\262\116\015\206\132}{}% 111
\BOOKMARK [1][-]{section.18}{\376\377\0001\0008\000\040\173\054\123\101\116\224\217\156\210\145\121\105\377\032\210\114\116\032\214\003\170\024\147\145\156\220\116\016\220\011\127\213\213\260\137\125}{}% 112
\BOOKMARK [2][-]{subsection.18.1}{\376\377\0001\0008\000.\0001\000\040\131\026\220\350\215\104\145\231\133\371\137\123\122\115\213\276\213\241\166\204\150\041\121\306}{section.18}% 113
\BOOKMARK [2][-]{subsection.18.2}{\376\377\0001\0008\000.\0002\000\040\000H\000a\000r\000n\000e\000s\000s\000\040\220\011\127\213\213\260\137\125}{section.18}% 114
\BOOKMARK [2][-]{subsection.18.3}{\376\377\0001\0008\000.\0003\000\040\000M\000C\000P\000\040\220\011\127\213\213\260\137\125}{section.18}% 115
\BOOKMARK [2][-]{subsection.18.4}{\376\377\0001\0008\000.\0004\000\040\000A\000g\000e\000n\000t\000\040\147\266\147\204\220\011\127\213\213\260\137\125}{section.18}% 116
\BOOKMARK [2][-]{subsection.18.5}{\376\377\0001\0008\000.\0005\000\040\000S\000k\000i\000l\000l\000\040\220\011\127\213\213\260\137\125}{section.18}% 117
\BOOKMARK [2][-]{subsection.18.6}{\376\377\0001\0008\000.\0006\000\040\147\054\217\156\133\236\163\260\000\040\000T\000O\000D\000O\000\040\116\016\232\214\145\066\213\301\143\156}{section.18}% 118
\BOOKMARK [1][-]{section.19}{\376\377\0001\0009\000\040\173\054\123\101\116\003\217\156\142\367\142\123\377\032\176\347\176\355\117\030\123\026\217\330\200\375\210\145\124\352\116\233\176\306\202\202}{}% 119
\BOOKMARK [2][-]{subsection.19.1}{\376\377\0001\0009\000.\0001\000\040\147\054\217\156\123\321\163\260\166\204\123\357\117\030\123\026\160\271}{section.19}% 120
\BOOKMARK [2][-]{subsection.19.2}{\376\377\0001\0009\000.\0002\000\040\220\011\127\213\133\371\153\324\116\016\121\263\173\126}{section.19}% 121
\BOOKMARK [2][-]{subsection.19.3}{\376\377\0001\0009\000.\0003\000\040\147\054\217\156\204\075\127\060\213\301\143\156}{section.19}% 122
\BOOKMARK [2][-]{subsection.19.4}{\376\377\0001\0009\000.\0004\000\040\116\013\116\000\226\066\153\265\123\357\142\151\134\125\122\237\200\375\156\005\123\125}{section.19}% 123
\BOOKMARK [1][-]{section.20}{\376\377\0002\0000\000\040\173\054\123\101\121\153\217\156\142\367\142\123\377\032\232\330\176\247\135\345\172\013\136\010\145\105\226\234\154\350\121\145\230\230}{}% 124
\BOOKMARK [2][-]{subsection.20.1}{\376\377\0002\0000\000.\0001\000\040\116\213\145\105\000\040\0001\377\032\133\241\142\171\126\336\214\003\221\315\131\015\122\060\217\276\377\014\121\231\135\345\121\167\117\032\116\015\117\032\142\147\210\114\116\044\153\041}{section.20}% 125
\BOOKMARK [2][-]{subsection.20.2}{\376\377\0002\0000\000.\0002\000\040\116\213\145\105\000\040\0002\377\032\000M\000C\000P\000\040\000s\000e\000r\000v\000e\000r\000\040\217\324\126\336\166\204\000\040\000s\000t\000r\000u\000c\000t\000u\000r\000e\000d\000C\000o\000n\000t\000e\000n\000t\000\040\176\323\147\204\225\031\116\206\140\016\116\110\122\236}{section.20}% 126
\BOOKMARK [2][-]{subsection.20.3}{\376\377\0002\0000\000.\0003\000\040\116\213\145\105\000\040\0003\377\032\116\044\116\052\000\040\000w\000o\000r\000k\000e\000r\000\040\124\014\145\366\121\231\000\040\000H\000a\000r\000n\000e\000s\000s\000\040\162\266\140\001\377\014\000c\000h\000e\000c\000k\000p\000o\000i\000n\000t\000\040\116\042\116\206\140\016\116\110\122\236}{section.20}% 127
\BOOKMARK [2][-]{subsection.20.4}{\376\377\0002\0000\000.\0004\000\040\116\213\145\105\000\040\0004\377\032\000S\000k\000i\000l\000l\000\040\142\113\122\250\124\057\165\050\176\325\217\307\171\337\142\067\000\040\000s\000c\000o\000p\000e\000\040\140\016\116\110\122\236}{section.20}% 128
\BOOKMARK [2][-]{subsection.20.5}{\376\377\0002\0000\000.\0005\000\040\116\213\145\105\000\040\0005\377\032\000R\000A\000G\000\040\173\124\150\110\225\031\116\206\377\014\131\202\117\125\133\232\117\115\116\015\146\057\116\000\123\345\040\034\152\041\127\213\136\173\211\311\040\035}{section.20}% 129
\BOOKMARK [2][-]{subsection.20.6}{\376\377\0002\0000\000.\0006\000\040\116\213\145\105\000\040\0006\377\032\230\204\173\227\170\154\161\224\145\255\123\321\165\037\127\050\213\301\143\156\116\015\215\263\145\366\377\014\131\202\117\125\220\177\121\115\174\227\146\264\131\061\215\045}{section.20}% 130
\BOOKMARK [2][-]{subsection.20.7}{\376\377\0002\0000\000.\0007\000\040\116\213\145\105\000\040\0007\377\032\000P\000r\000o\000m\000p\000t\000\040\000i\000n\000j\000e\000c\000t\000i\000o\000n\000\040\205\317\127\050\177\121\230\165\153\143\145\207\221\314\377\014\116\072\116\300\116\110\000\040\000s\000c\000h\000e\000m\000a\000\040\116\315\116\015\131\037}{section.20}% 131
\BOOKMARK [1][-]{section.21}{\376\377\0002\0001\000\040\173\054\123\101\121\155\217\156\142\367\142\123\377\032\000A\000g\000e\000n\000t\000\040\137\000\123\321\134\227\123\125\230\165\230\230\123\141}{}% 132
\BOOKMARK [2][-]{subsection.21.1}{\376\377\0002\0001\000.\0001\000\040\230\230\123\141\000\040\0001\377\032\000A\000g\000e\000n\000t\000\040\124\214\146\156\220\032\000\040\000L\000L\000M\000\040\136\224\165\050\166\204\122\006\154\064\134\255\146\057\116\300\116\110}{section.21}% 133
\BOOKMARK [2][-]{subsection.21.2}{\376\377\0002\0001\000.\0002\000\040\230\230\123\141\000\040\0002\377\032\116\072\116\300\116\110\000\040\000A\000g\000e\000n\000t\000\040\174\373\176\337\166\204\150\070\137\303\146\057\162\266\140\001\147\072}{section.21}% 134
\BOOKMARK [2][-]{subsection.21.3}{\376\377\0002\0001\000.\0003\000\040\230\230\123\141\000\040\0003\377\032\000D\000A\000G\000\040\124\214\000\040\000S\000t\000a\000t\000e\000G\000r\000a\000p\000h\000\040\147\011\116\300\116\110\123\072\122\053}{section.21}% 135
\BOOKMARK [2][-]{subsection.21.4}{\376\377\0002\0001\000.\0004\000\040\230\230\123\141\000\040\0004\377\032\116\072\116\300\116\110\000\040\000P\000l\000a\000n\000n\000e\000r\000\040\116\015\200\375\166\364\143\245\121\231\147\000\176\310\173\124\150\110}{section.21}% 136
\BOOKMARK [2][-]{subsection.21.5}{\376\377\0002\0001\000.\0005\000\040\230\230\123\141\000\040\0005\377\032\116\072\116\300\116\110\227\000\211\201\000\040\000f\000a\000l\000l\000b\000a\000c\000k\000\040\000D\000A\000G}{section.21}% 137
\BOOKMARK [2][-]{subsection.21.6}{\376\377\0002\0001\000.\0006\000\040\230\230\123\141\000\040\0006\377\032\116\072\116\300\116\110\211\201\123\072\122\006\000\040\000p\000u\000b\000l\000i\000c\000\040\000s\000t\000a\000t\000u\000s\000\040\124\214\000\040\000r\000u\000n\000t\000i\000m\000e\000\040\000s\000t\000a\000t\000u\000s}{section.21}% 138
\BOOKMARK [2][-]{subsection.21.7}{\376\377\0002\0001\000.\0007\000\040\230\230\123\141\000\040\0007\377\032\000r\000e\000t\000r\000y\000a\000b\000l\000e\000\040\000f\000a\000i\000l\000e\000d\000\040\124\214\000\040\000t\000e\000r\000m\000i\000n\000a\000l\000\040\000f\000a\000i\000l\000e\000d\000\040\140\016\116\110\123\072\122\006}{section.21}% 139
\BOOKMARK [2][-]{subsection.21.8}{\376\377\0002\0001\000.\0008\000\040\230\230\123\141\000\040\0008\377\032\000A\000g\000e\000n\000t\000\040\116\072\116\300\116\110\227\000\211\201\000\040\000f\000a\000i\000l\000u\000r\000e\000\040\000m\000e\000m\000o\000r\000y}{section.21}% 140
\BOOKMARK [2][-]{subsection.21.9}{\376\377\0002\0001\000.\0009\000\040\230\230\123\141\000\040\0009\377\032\116\072\116\300\116\110\230\204\173\227\154\273\164\006\137\305\230\173\146\057\170\154\143\247\122\066}{section.21}% 141
\BOOKMARK [2][-]{subsection.21.10}{\376\377\0002\0001\000.\0001\0000\000\040\230\230\123\141\000\040\0001\0000\377\032\116\072\116\300\116\110\000\040\000t\000o\000o\000l\000\040\000c\000a\000l\000l\000\040\146\057\232\330\230\316\226\151\142\147\210\114\227\142}{section.21}% 142
\BOOKMARK [2][-]{subsection.21.11}{\376\377\0002\0001\000.\0001\0001\000\040\230\230\123\141\000\040\0001\0001\377\032\116\072\116\300\116\110\116\015\200\375\166\370\117\341\152\041\127\213\201\352\135\361\120\132\147\103\226\120\122\044\145\255}{section.21}% 143
\BOOKMARK [2][-]{subsection.21.12}{\376\377\0002\0001\000.\0001\0002\000\040\230\230\123\141\000\040\0001\0002\377\032\116\072\116\300\116\110\135\345\121\167\123\302\145\160\137\305\230\173\000\040\000s\000c\000h\000e\000m\000a\000\040\150\041\232\214}{section.21}% 144
\BOOKMARK [2][-]{subsection.21.13}{\376\377\0002\0001\000.\0001\0003\000\040\230\230\123\141\000\040\0001\0003\377\032\116\072\116\300\116\110\135\345\121\167\217\324\126\336\116\137\211\201\154\273\164\006}{section.21}% 145
\BOOKMARK [2][-]{subsection.21.14}{\376\377\0002\0001\000.\0001\0004\000\040\230\230\123\141\000\040\0001\0004\377\032\116\072\116\300\116\110\133\241\142\171\211\201\116\345\000\040\000D\000B\000\040\116\072\000\040\000s\000o\000u\000r\000c\000e\000\040\000o\000f\000\040\000t\000r\000u\000t\000h}{section.21}% 146
\BOOKMARK [2][-]{subsection.21.15}{\376\377\0002\0001\000.\0001\0005\000\040\230\230\123\141\000\040\0001\0005\377\032\133\241\142\171\140\142\131\015\147\000\133\271\146\023\121\372\116\300\116\110\000\040\000b\000u\000g}{section.21}% 147
\BOOKMARK [2][-]{subsection.21.16}{\376\377\0002\0001\000.\0001\0006\000\040\230\230\123\141\000\040\0001\0006\377\032\116\072\116\300\116\110\000\040\000S\000S\000E\000\040\116\015\146\057\116\373\122\241\116\213\133\236\156\220}{section.21}% 148
\BOOKMARK [2][-]{subsection.21.17}{\376\377\0002\0001\000.\0001\0007\000\040\230\230\123\141\000\040\0001\0007\377\032\116\072\116\300\116\110\000\040\000t\000r\000a\000c\000e\000\040\124\214\000\040\000a\000u\000d\000i\000t\000\040\211\201\122\006\137\000}{section.21}% 149
\BOOKMARK [2][-]{subsection.21.18}{\376\377\0002\0001\000.\0001\0008\000\040\230\230\123\141\000\040\0001\0008\377\032\116\072\116\300\116\110\000\040\000A\000g\000e\000n\000t\000\040\000e\000v\000a\000l\000\040\116\015\200\375\123\352\167\013\173\124\150\110\122\006\145\160}{section.21}% 150
\BOOKMARK [2][-]{subsection.21.19}{\376\377\0002\0001\000.\0001\0009\000\040\230\230\123\141\000\040\0001\0009\377\032\116\072\116\300\116\110\000\040\000R\000A\000G\000\040\116\015\200\375\146\377\116\343\000\040\000B\000r\000o\000w\000s\000e\000r}{section.21}% 151
\BOOKMARK [2][-]{subsection.21.20}{\376\377\0002\0001\000.\0002\0000\000\040\230\230\123\141\000\040\0002\0000\377\032\116\072\116\300\116\110\000\040\000c\000i\000t\000a\000t\000i\000o\000n\000\040\146\057\170\024\172\166\127\213\000\040\000A\000g\000e\000n\000t\000\040\166\204\165\037\124\175\176\277}{section.21}% 152
\BOOKMARK [2][-]{subsection.21.21}{\376\377\0002\0001\000.\0002\0001\000\040\230\230\123\141\000\040\0002\0001\377\032\116\072\116\300\116\110\000\040\000B\000r\000o\000w\000s\000e\000r\000\040\121\205\133\271\211\201\137\123\117\134\116\015\123\357\117\341\145\160\143\156}{section.21}% 153
\BOOKMARK [2][-]{subsection.21.22}{\376\377\0002\0001\000.\0002\0002\000\040\230\230\123\141\000\040\0002\0002\377\032\116\072\116\300\116\110\000\040\000i\000n\000t\000e\000r\000n\000a\000l\000-\000f\000i\000r\000s\000t\000\040\146\057\154\273\164\006\173\126\165\145}{section.21}% 154
\BOOKMARK [2][-]{subsection.21.23}{\376\377\0002\0001\000.\0002\0003\000\040\230\230\123\141\000\040\0002\0003\377\032\116\072\116\300\116\110\000\040\000r\000e\000p\000l\000a\000n\000\040\211\201\136\046\000\040\000f\000a\000i\000l\000u\000r\000e\000\040\000h\000i\000n\000t\000s}{section.21}% 155
\BOOKMARK [2][-]{subsection.21.24}{\376\377\0002\0001\000.\0002\0004\000\040\230\230\123\141\000\040\0002\0004\377\032\116\072\116\300\116\110\131\032\000\040\000A\000g\000e\000n\000t\000\040\133\371\213\335\116\015\220\002\124\010\137\072\155\101\172\013\170\024\172\166}{section.21}% 156
\BOOKMARK [2][-]{subsection.21.25}{\376\377\0002\0001\000.\0002\0005\000\040\230\230\123\141\000\040\0002\0005\377\032\116\072\116\300\116\110\227\000\211\201\000\040\000t\000o\000o\000l\000\040\000a\000l\000l\000o\000w\000l\000i\000s\000t}{section.21}% 157
\BOOKMARK [2][-]{subsection.21.26}{\376\377\0002\0001\000.\0002\0006\000\040\230\230\123\141\000\040\0002\0006\377\032\116\072\116\300\116\110\000\040\000S\000k\000i\000l\000l\000\040\116\015\146\057\000\040\000p\000r\000o\000m\000p\000t\000\040\226\104\116\366}{section.21}% 158
\BOOKMARK [2][-]{subsection.21.27}{\376\377\0002\0001\000.\0002\0007\000\040\230\230\123\141\000\040\0002\0007\377\032\116\072\116\300\116\110\000\040\000S\000k\000i\000l\000l\000\040\211\201\000\040\000t\000o\000p\000-\000k}{section.21}% 159
\BOOKMARK [2][-]{subsection.21.28}{\376\377\0002\0001\000.\0002\0008\000\040\230\230\123\141\000\040\0002\0008\377\032\116\072\116\300\116\110\000\040\000S\000k\000i\000l\000l\000\040\000s\000n\000a\000p\000s\000h\000o\000t\000\040\200\375\226\062\153\142\217\320\210\114\157\002\171\373}{section.21}% 160
\BOOKMARK [2][-]{subsection.21.29}{\376\377\0002\0001\000.\0002\0009\000\040\230\230\123\141\000\040\0002\0009\377\032\116\072\116\300\116\110\000\040\000M\000C\000P\000\040\124\214\000\040\000S\000k\000i\000l\000l\000\040\116\015\200\375\155\367\116\072\116\000\214\010}{section.21}% 161
\BOOKMARK [2][-]{subsection.21.30}{\376\377\0002\0001\000.\0003\0000\000\040\230\230\123\141\000\040\0003\0000\377\032\116\072\116\300\116\110\000\040\000M\000C\000P\000\040\137\305\230\173\147\011\000\040\000s\000e\000r\000v\000e\000r\000\040\000r\000e\000g\000i\000s\000t\000r\000y}{section.21}% 162
\BOOKMARK [2][-]{subsection.21.31}{\376\377\0002\0001\000.\0003\0001\000\040\230\230\123\141\000\040\0003\0001\377\032\116\072\116\300\116\110\000\040\000M\000C\000P\000\040\000t\000o\000o\000l\000\040\000s\000c\000h\000e\000m\000a\000\040\116\015\200\375\133\214\121\150\117\341\000\040\000s\000e\000r\000v\000e\000r}{section.21}% 163
\BOOKMARK [2][-]{subsection.21.32}{\376\377\0002\0001\000.\0003\0002\000\040\230\230\123\141\000\040\0003\0002\377\032\116\072\116\300\116\110\000\040\000r\000e\000s\000u\000l\000t\000\040\000h\000a\000s\000h\000\040\147\011\116\367\120\074}{section.21}% 164
\BOOKMARK [2][-]{subsection.21.33}{\376\377\0002\0001\000.\0003\0003\000\040\230\230\123\141\000\040\0003\0003\377\032\116\072\116\300\116\110\211\201\123\072\122\006\000\040\000s\000c\000h\000e\000m\000a\000\040\000i\000n\000v\000a\000l\000i\000d\000\040\124\214\000\040\000t\000o\000o\000l\000\040\000n\000o\000t\000\040\000a\000l\000l\000o\000w\000e\000d}{section.21}% 165
\BOOKMARK [2][-]{subsection.21.34}{\376\377\0002\0001\000.\0003\0004\000\040\230\230\123\141\000\040\0003\0004\377\032\116\072\116\300\116\110\000\040\000w\000r\000i\000t\000e\000\040\000t\000o\000o\000l\000\040\236\330\213\244\133\241\142\171}{section.21}% 166
\BOOKMARK [2][-]{subsection.21.35}{\376\377\0002\0001\000.\0003\0005\000\040\230\230\123\141\000\040\0003\0005\377\032\116\072\116\300\116\110\000\040\000s\000u\000m\000m\000a\000r\000y\000\040\000l\000e\000n\000g\000t\000h\000\040\116\137\146\057\133\211\121\150\173\126\165\145}{section.21}% 167
\BOOKMARK [2][-]{subsection.21.36}{\376\377\0002\0001\000.\0003\0006\000\040\230\230\123\141\000\040\0003\0006\377\032\116\072\116\300\116\110\000\040\000l\000o\000n\000g\000-\000r\000u\000n\000n\000i\000n\000g\000\040\000A\000g\000e\000n\000t\000\040\211\201\000\040\000s\000e\000s\000s\000i\000o\000n\000\040\000c\000o\000n\000f\000i\000g}{section.21}% 168
\BOOKMARK [2][-]{subsection.21.37}{\376\377\0002\0001\000.\0003\0007\000\040\230\230\123\141\000\040\0003\0007\377\032\116\072\116\300\116\110\000\040\000a\000c\000t\000i\000v\000e\000\040\000m\000a\000r\000k\000e\000r\000\040\211\201\127\050\000\040\000i\000d\000l\000e\000\040\145\366\156\005\164\006}{section.21}% 169
\BOOKMARK [2][-]{subsection.21.38}{\376\377\0002\0001\000.\0003\0008\000\040\230\230\123\141\000\040\0003\0008\377\032\116\072\116\300\116\110\000\040\000J\000S\000O\000N\000\040\143\137\127\117\116\015\200\375\227\131\236\330\137\375\165\145}{section.21}% 170
\BOOKMARK [2][-]{subsection.21.39}{\376\377\0002\0001\000.\0003\0009\000\040\230\230\123\141\000\040\0003\0009\377\032\116\072\116\300\116\110\140\142\131\015\145\366\116\015\200\375\123\352\167\013\147\000\124\016\116\000\210\114\145\345\137\327}{section.21}% 171
\BOOKMARK [2][-]{subsection.21.40}{\376\377\0002\0001\000.\0004\0000\000\040\230\230\123\141\000\040\0004\0000\377\032\116\072\116\300\116\110\131\032\000\040\000w\000o\000r\000k\000e\000r\000\040\137\305\230\173\162\354\172\313\135\345\117\134\150\021}{section.21}% 172
\BOOKMARK [2][-]{subsection.21.41}{\376\377\0002\0001\000.\0004\0001\000\040\230\230\123\141\000\040\0004\0001\377\032\116\072\116\300\116\110\000\040\000A\000g\000e\000n\000t\000\040\227\000\211\201\000\040\000i\000d\000e\000m\000p\000o\000t\000e\000n\000c\000y}{section.21}% 173
\BOOKMARK [2][-]{subsection.21.42}{\376\377\0002\0001\000.\0004\0002\000\040\230\230\123\141\000\040\0004\0002\377\032\116\072\116\300\116\110\000\040\000m\000o\000d\000e\000l\000\040\000f\000a\000l\000l\000b\000a\000c\000k\000\040\211\201\117\335\142\244\000\040\000s\000c\000h\000e\000m\000a}{section.21}% 174
\BOOKMARK [2][-]{subsection.21.43}{\376\377\0002\0001\000.\0004\0003\000\040\230\230\123\141\000\040\0004\0003\377\032\116\072\116\300\116\110\116\015\200\375\142\212\000\040\000e\000v\000a\000l\000\040\123\352\120\132\142\020\171\273\176\277\201\032\147\054}{section.21}% 175
\BOOKMARK [2][-]{subsection.21.44}{\376\377\0002\0001\000.\0004\0004\000\040\230\230\123\141\000\040\0004\0004\377\032\116\072\116\300\116\110\000\040\000e\000v\000i\000d\000e\000n\000c\000e\000\040\124\214\000\040\000a\000n\000s\000w\000e\000r\000\040\211\201\122\006\137\000\133\130}{section.21}% 176
\BOOKMARK [2][-]{subsection.21.45}{\376\377\0002\0001\000.\0004\0005\000\040\230\230\123\141\000\040\0004\0005\377\032\116\072\116\300\116\110\155\117\211\310\126\150\201\352\122\250\123\026\227\000\211\201\131\032\134\102\226\115\176\247}{section.21}% 177
\BOOKMARK [2][-]{subsection.21.46}{\376\377\0002\0001\000.\0004\0006\000\040\230\230\123\141\000\040\0004\0006\377\032\116\072\116\300\116\110\000\040\000S\000e\000a\000r\000c\000h\000\040\123\352\146\057\121\145\123\343\116\015\146\057\213\301\143\156\176\310\160\271}{section.21}% 178
\BOOKMARK [2][-]{subsection.21.47}{\376\377\0002\0001\000.\0004\0007\000\040\230\230\123\141\000\040\0004\0007\377\032\116\072\116\300\116\110\000\040\000R\000e\000f\000l\000e\000c\000t\000i\000o\000n\000\040\116\015\136\224\145\340\226\120\137\252\163\257}{section.21}% 179
\BOOKMARK [2][-]{subsection.21.48}{\376\377\0002\0001\000.\0004\0008\000\040\230\230\123\141\000\040\0004\0008\377\032\116\072\116\300\116\110\142\245\124\112\211\201\121\231\116\015\170\156\133\232\140\047}{section.21}% 180
\BOOKMARK [2][-]{subsection.21.49}{\376\377\0002\0001\000.\0004\0009\000\040\230\230\123\141\000\040\0004\0009\377\032\116\072\116\300\116\110\000\040\000A\000g\000e\000n\000t\000\040\227\000\211\201\000\040\000h\000u\000m\000a\000n\000-\000i\000n\000-\000t\000h\000e\000-\000l\000o\000o\000p}{section.21}% 181
\BOOKMARK [2][-]{subsection.21.50}{\376\377\0002\0001\000.\0005\0000\000\040\230\230\123\141\000\040\0005\0000\377\032\116\072\116\300\116\110\000\040\040\034\146\202\120\134\040\035\000\040\116\015\173\111\116\216\000\040\040\034\131\061\215\045\040\035}{section.21}% 182
\BOOKMARK [2][-]{subsection.21.51}{\376\377\0002\0001\000.\0005\0001\000\040\230\230\123\141\000\040\0005\0001\377\032\116\072\116\300\116\110\135\345\121\167\225\031\213\357\211\201\121\300\123\026}{section.21}% 183
\BOOKMARK [2][-]{subsection.21.52}{\376\377\0002\0001\000.\0005\0002\000\040\230\230\123\141\000\040\0005\0002\377\032\116\072\116\300\116\110\000\040\000D\000B\000\040\146\057\230\204\173\227\116\213\133\236\156\220}{section.21}% 184
\BOOKMARK [2][-]{subsection.21.53}{\376\377\0002\0001\000.\0005\0003\000\040\230\230\123\141\000\040\0005\0003\377\032\116\072\116\300\116\110\000\040\000P\000o\000s\000t\000g\000r\000e\000s\000\040\000+\000\040\000p\000g\000v\000e\000c\000t\000o\000r\000\040\220\002\124\010\217\331\116\052\230\171\166\356}{section.21}% 185
\BOOKMARK [2][-]{subsection.21.54}{\376\377\0002\0001\000.\0005\0004\000\040\230\230\123\141\000\040\0005\0004\377\032\116\072\116\300\116\110\176\323\147\204\123\026\217\223\121\372\137\210\221\315\211\201}{section.21}% 186
\BOOKMARK [2][-]{subsection.21.55}{\376\377\0002\0001\000.\0005\0005\000\040\230\230\123\141\000\040\0005\0005\377\032\116\072\116\300\116\110\000\040\000p\000r\000o\000m\000p\000t\000\040\000i\000n\000j\000e\000c\000t\000i\000o\000n\000\040\116\015\146\057\123\352\227\140\000\040\000p\000r\000o\000m\000p\000t\000\040\211\343\121\263}{section.21}% 187
\BOOKMARK [2][-]{subsection.21.56}{\376\377\0002\0001\000.\0005\0006\000\040\230\230\123\141\000\040\0005\0006\377\032\116\072\116\300\116\110\000\040\000A\000g\000e\000n\000t\000\040\227\000\211\201\147\000\134\017\147\103\226\120}{section.21}% 188
\BOOKMARK [2][-]{subsection.21.57}{\376\377\0002\0001\000.\0005\0007\000\040\230\230\123\141\000\040\0005\0007\377\032\116\072\116\300\116\110\000\040\040\034\117\032\214\003\165\050\135\345\121\167\040\035\000\040\116\015\173\111\116\216\000\040\040\034\117\032\133\211\121\150\214\003\165\050\135\345\121\167\040\035}{section.21}% 189
\BOOKMARK [2][-]{subsection.21.58}{\376\377\0002\0001\000.\0005\0008\000\040\230\230\123\141\000\040\0005\0008\377\032\116\072\116\300\116\110\211\201\213\260\137\125\000\040\000s\000e\000r\000v\000e\000r\000\040\000f\000i\000n\000g\000e\000r\000p\000r\000i\000n\000t}{section.21}% 190
\BOOKMARK [2][-]{subsection.21.59}{\376\377\0002\0001\000.\0005\0009\000\040\230\230\123\141\000\040\0005\0009\377\032\116\072\116\300\116\110\000\040\000u\000n\000t\000r\000u\000s\000t\000e\000d\000\040\000s\000e\000r\000v\000e\000r\000\040\211\201\166\364\143\245\142\322\176\335}{section.21}% 191
\BOOKMARK [2][-]{subsection.21.60}{\376\377\0002\0001\000.\0006\0000\000\040\230\230\123\141\000\040\0006\0000\377\032\116\072\116\300\116\110\000\040\000s\000c\000h\000e\000m\000a\000\040\000i\000n\000v\000a\000l\000i\000d\000\040\116\015\136\224\213\345\201\352\122\250\221\315\213\325\124\014\150\067\123\302\145\160}{section.21}% 192
\BOOKMARK [2][-]{subsection.21.61}{\376\377\0002\0001\000.\0006\0001\000\040\230\230\123\141\000\040\0006\0001\377\032\116\072\116\300\116\110\142\245\124\112\165\037\142\020\211\201\124\214\123\326\213\301\211\343\200\046}{section.21}% 193
\BOOKMARK [2][-]{subsection.21.62}{\376\377\0002\0001\000.\0006\0002\000\040\230\230\123\141\000\040\0006\0002\377\032\116\072\116\300\116\110\000\040\000A\000g\000e\000n\000t\000\040\227\000\211\201\123\357\211\343\221\312\215\357\165\061}{section.21}% 194
\BOOKMARK [2][-]{subsection.21.63}{\376\377\0002\0001\000.\0006\0003\000\040\230\230\123\141\000\040\0006\0003\377\032\116\072\116\300\116\110\145\160\143\156\156\220\123\357\117\341\136\246\211\201\122\006\134\102}{section.21}% 195
\BOOKMARK [2][-]{subsection.21.64}{\376\377\0002\0001\000.\0006\0004\000\040\230\230\123\141\000\040\0006\0004\377\032\116\072\116\300\116\110\150\300\175\042\124\175\116\055\116\015\116\343\210\150\123\357\116\345\126\336\173\124}{section.21}% 196
\BOOKMARK [2][-]{subsection.21.65}{\376\377\0002\0001\000.\0006\0005\000\040\230\230\123\141\000\040\0006\0005\377\032\116\072\116\300\116\110\000\040\000B\000r\000o\000w\000s\000e\000r\000\040\202\202\160\271\211\201\123\327\230\204\173\227\143\247\122\066}{section.21}% 197
\BOOKMARK [2][-]{subsection.21.66}{\376\377\0002\0001\000.\0006\0006\000\040\230\230\123\141\000\040\0006\0006\377\032\116\072\116\300\116\110\000\040\000s\000e\000a\000r\000c\000h\000\040\000q\000u\000e\000r\000y\000\040\211\201\165\061\000\040\000P\000l\000a\000n\000n\000e\000r\000\040\176\246\147\137}{section.21}% 198
\BOOKMARK [2][-]{subsection.21.67}{\376\377\0002\0001\000.\0006\0007\000\040\230\230\123\141\000\040\0006\0007\377\032\116\072\116\300\116\110\211\201\213\260\137\125\000\040\000c\000u\000r\000r\000e\000n\000t\000\040\000b\000a\000t\000c\000h}{section.21}% 199
\BOOKMARK [2][-]{subsection.21.68}{\376\377\0002\0001\000.\0006\0008\000\040\230\230\123\141\000\040\0006\0008\377\032\116\072\116\300\116\110\000\040\000c\000o\000m\000p\000l\000e\000t\000e\000d\000\040\000n\000o\000d\000e\000s\000\040\116\015\200\375\123\352\227\140\152\041\127\213\130\360\146\016}{section.21}% 200
\BOOKMARK [2][-]{subsection.21.69}{\376\377\0002\0001\000.\0006\0009\000\040\230\230\123\141\000\040\0006\0009\377\032\116\072\116\300\116\110\000\040\000A\000g\000e\000n\000t\000\040\227\000\211\201\120\134\153\142\147\141\116\366}{section.21}% 201
\BOOKMARK [2][-]{subsection.21.70}{\376\377\0002\0001\000.\0007\0000\000\040\230\230\123\141\000\040\0007\0000\377\032\116\072\116\300\116\110\000\040\040\034\220\350\122\006\142\245\124\112\040\035\000\040\146\057\117\030\226\305\226\115\176\247}{section.21}% 202
\BOOKMARK [2][-]{subsection.21.71}{\376\377\0002\0001\000.\0007\0001\000\040\230\230\123\141\000\040\0007\0001\377\032\116\072\116\300\116\110\000\040\000A\000g\000e\000n\000t\000\040\227\000\211\201\221\115\177\156\123\026\230\316\226\151\173\111\176\247}{section.21}% 203
\BOOKMARK [2][-]{subsection.21.72}{\376\377\0002\0001\000.\0007\0002\000\040\230\230\123\141\000\040\0007\0002\377\032\116\072\116\300\116\110\000\040\000t\000o\000o\000l\000\040\000t\000i\000m\000e\000o\000u\000t\000\040\146\057\154\273\164\006\200\014\116\015\146\057\140\047\200\375\123\302\145\160}{section.21}% 204
\BOOKMARK [2][-]{subsection.21.73}{\376\377\0002\0001\000.\0007\0003\000\040\230\230\123\141\000\040\0007\0003\377\032\116\072\116\300\116\110\000\040\000A\000g\000e\000n\000t\000\040\227\000\211\201\163\257\130\203\122\035\131\313\123\026}{section.21}% 205
\BOOKMARK [2][-]{subsection.21.74}{\376\377\0002\0001\000.\0007\0004\000\040\230\230\123\141\000\040\0007\0004\377\032\116\072\116\300\116\110\155\113\213\325\217\223\121\372\211\201\116\072\000\040\000A\000g\000e\000n\000t\000\040\213\276\213\241}{section.21}% 206
\BOOKMARK [2][-]{subsection.21.75}{\376\377\0002\0001\000.\0007\0005\000\040\230\230\123\141\000\040\0007\0005\377\032\116\072\116\300\116\110\116\015\200\375\123\352\165\050\145\345\137\327\120\132\140\142\131\015}{section.21}% 207
\BOOKMARK [2][-]{subsection.21.76}{\376\377\0002\0001\000.\0007\0006\000\040\230\230\123\141\000\040\0007\0006\377\032\116\072\116\300\116\110\000\040\000D\000B\000\040\124\214\000\040\000H\000a\000r\000n\000e\000s\000s\000\040\117\032\147\011\123\314\121\231\225\356\230\230}{section.21}% 208
\BOOKMARK [2][-]{subsection.21.77}{\376\377\0002\0001\000.\0007\0007\000\040\230\230\123\141\000\040\0007\0007\377\032\116\072\116\300\116\110\135\345\121\167\133\241\213\241\116\015\200\375\123\352\133\130\127\050\000\040\000s\000e\000s\000s\000i\000o\000n\000\040\000J\000S\000O\000N}{section.21}% 209
\BOOKMARK [2][-]{subsection.21.78}{\376\377\0002\0001\000.\0007\0008\000\040\230\230\123\141\000\040\0007\0008\377\032\116\072\116\300\116\110\000\040\000A\000g\000e\000n\000t\000\040\227\000\211\201\000\040\000o\000b\000s\000e\000r\000v\000a\000b\000i\000l\000i\000t\000y}{section.21}% 210
\BOOKMARK [2][-]{subsection.21.79}{\376\377\0002\0001\000.\0007\0009\000\040\230\230\123\141\000\040\0007\0009\377\032\116\072\116\300\116\110\000\040\000p\000r\000o\000m\000p\000t\000\040\116\137\211\201\162\110\147\054\123\026}{section.21}% 211
\BOOKMARK [2][-]{subsection.21.80}{\376\377\0002\0001\000.\0008\0000\000\040\230\230\123\141\000\040\0008\0000\377\032\116\072\116\300\116\110\000\040\000A\000g\000e\000n\000t\000\040\227\000\211\201\000\040\000s\000c\000h\000e\000m\000a\000\040\000r\000e\000p\000a\000i\000r}{section.21}% 212
\BOOKMARK [2][-]{subsection.21.81}{\376\377\0002\0001\000.\0008\0001\000\040\230\230\123\141\000\040\0008\0001\377\032\116\072\116\300\116\110\000\040\040\034\135\345\121\167\215\212\131\032\215\212\137\072\040\035\000\040\146\057\213\357\123\072}{section.21}% 213
\BOOKMARK [2][-]{subsection.21.82}{\376\377\0002\0001\000.\0008\0002\000\040\230\230\123\141\000\040\0008\0002\377\032\116\072\116\300\116\110\116\012\116\013\145\207\172\227\123\343\116\015\146\057\123\357\227\140\213\260\137\306}{section.21}% 214
\BOOKMARK [2][-]{subsection.21.83}{\376\377\0002\0001\000.\0008\0003\000\040\230\230\123\141\000\040\0008\0003\377\032\116\072\116\300\116\110\000\040\000A\000g\000e\000n\000t\000\040\211\201\213\260\137\125\000\040\000a\000r\000t\000i\000f\000a\000c\000t\000s}{section.21}% 215
\BOOKMARK [2][-]{subsection.21.84}{\376\377\0002\0001\000.\0008\0004\000\040\230\230\123\141\000\040\0008\0004\377\032\116\072\116\300\116\110\165\050\142\067\170\156\213\244\124\214\133\241\142\171\116\015\124\014}{section.21}% 216
\BOOKMARK [2][-]{subsection.21.85}{\376\377\0002\0001\000.\0008\0005\000\040\230\230\123\141\000\040\0008\0005\377\032\116\072\116\300\116\110\211\201\142\212\000\040\000s\000o\000u\000r\000c\000e\000\040\000o\000f\000\040\000t\000r\000u\000t\000h\000\040\213\262\156\005\151\132}{section.21}% 217
\BOOKMARK [2][-]{subsection.21.86}{\376\377\0002\0001\000.\0008\0006\000\040\230\230\123\141\000\040\0008\0006\377\032\116\072\116\300\116\110\000\040\000A\000g\000e\000n\000t\000\040\133\211\121\150\211\201\120\132\176\265\155\361\226\062\137\241}{section.21}% 218
\BOOKMARK [2][-]{subsection.21.87}{\376\377\0002\0001\000.\0008\0007\000\040\230\230\123\141\000\040\0008\0007\377\032\116\072\116\300\116\110\211\201\120\132\176\242\226\037\150\067\147\054\136\223}{section.21}% 219
\BOOKMARK [2][-]{subsection.21.88}{\376\377\0002\0001\000.\0008\0008\000\040\230\230\123\141\000\040\0008\0008\377\032\116\072\116\300\116\110\000\040\000A\000g\000e\000n\000t\000\040\174\373\176\337\211\201\147\011\226\115\176\247\215\357\137\204}{section.21}% 220
\BOOKMARK [2][-]{subsection.21.89}{\376\377\0002\0001\000.\0008\0009\000\040\230\230\123\141\000\040\0008\0009\377\032\116\072\116\300\116\110\000\040\040\034\133\214\142\020\040\035\000\040\211\201\147\011\232\214\145\066\213\301\143\156}{section.21}% 221
\BOOKMARK [2][-]{subsection.21.90}{\376\377\0002\0001\000.\0009\0000\000\040\230\230\123\141\000\040\0009\0000\377\032\116\072\116\300\116\110\211\201\142\212\147\052\133\214\142\020\121\231\217\333\173\024\213\260}{section.21}% 222
\BOOKMARK [2][-]{subsection.21.91}{\376\377\0002\0001\000.\0009\0001\000\040\230\230\123\141\000\040\0009\0001\377\032\116\072\116\300\116\110\000\040\000A\000g\000e\000n\000t\000\040\227\000\211\201\116\373\122\241\117\030\121\110\176\247}{section.21}% 223
\BOOKMARK [2][-]{subsection.21.92}{\376\377\0002\0001\000.\0009\0002\000\040\230\230\123\141\000\040\0009\0002\377\032\116\072\116\300\116\110\000\040\000d\000e\000p\000e\000n\000d\000e\000n\000c\000y\000\040\000c\000y\000c\000l\000e\000\040\211\201\150\300\155\113}{section.21}% 224
\BOOKMARK [2][-]{subsection.21.93}{\376\377\0002\0001\000.\0009\0003\000\040\230\230\123\141\000\040\0009\0003\377\032\116\072\116\300\116\110\000\040\000b\000l\000o\000c\000k\000e\000d\000\040\162\266\140\001\116\015\116\000\133\232\211\201\143\001\116\105\123\026}{section.21}% 225
\BOOKMARK [2][-]{subsection.21.94}{\376\377\0002\0001\000.\0009\0004\000\040\230\230\123\141\000\040\0009\0004\377\032\116\072\116\300\116\110\000\040\000a\000p\000p\000r\000o\000v\000a\000l\000\040\000r\000e\000q\000u\000e\000s\000t\000\040\211\201\147\011\000\040\000r\000e\000q\000u\000e\000s\000t\000\040\000p\000a\000y\000l\000o\000a\000d}{section.21}% 226
\BOOKMARK [2][-]{subsection.21.95}{\376\377\0002\0001\000.\0009\0005\000\040\230\230\123\141\000\040\0009\0005\377\032\116\072\116\300\116\110\135\345\121\167\134\102\211\201\217\324\126\336\176\337\116\000\176\323\147\204}{section.21}% 227
\BOOKMARK [2][-]{subsection.21.96}{\376\377\0002\0001\000.\0009\0006\000\040\230\230\123\141\000\040\0009\0006\377\032\116\072\116\300\116\110\000\040\000A\000g\000e\000n\000t\000\040\211\201\147\011\000\040\000q\000u\000e\000r\000y\000\040\000s\000c\000o\000p\000e}{section.21}% 228
\BOOKMARK [2][-]{subsection.21.97}{\376\377\0002\0001\000.\0009\0007\000\040\230\230\123\141\000\040\0009\0007\377\032\116\072\116\300\116\110\000\040\000A\000g\000e\000n\000t\000\040\227\000\211\201\142\020\147\054\137\122\126\340}{section.21}% 229
\BOOKMARK [2][-]{subsection.21.98}{\376\377\0002\0001\000.\0009\0008\000\040\230\230\123\141\000\040\0009\0008\377\032\116\072\116\300\116\110\221\315\213\325\211\201\147\011\000\040\000b\000a\000c\000k\000o\000f\000f}{section.21}% 230
\BOOKMARK [2][-]{subsection.21.99}{\376\377\0002\0001\000.\0009\0009\000\040\230\230\123\141\000\040\0009\0009\377\032\116\072\116\300\116\110\000\040\000t\000o\000o\000l\000\040\000r\000e\000s\000u\000l\000t\000\040\116\015\200\375\166\364\143\245\117\134\116\072\147\000\176\310\173\124\150\110}{section.21}% 231
\BOOKMARK [2][-]{subsection.21.100}{\376\377\0002\0001\000.\0001\0000\0000\000\040\230\230\123\141\000\040\0001\0000\0000\377\032\000A\000g\000e\000n\000t\000\040\136\163\123\360\166\204\143\247\122\066\227\142\124\214\145\160\143\156\227\142\140\016\116\110\142\306}{section.21}% 232
\BOOKMARK [2][-]{subsection.21.101}{\376\377\0002\0001\000.\0001\0000\0001\000\040\230\230\123\141\000\040\0001\0000\0001\377\032\116\072\116\300\116\110\211\201\123\072\122\006\135\345\121\167\123\321\163\260\124\214\135\345\121\167\143\210\147\103}{section.21}% 233
\BOOKMARK [2][-]{subsection.21.102}{\376\377\0002\0001\000.\0001\0000\0002\000\040\230\230\123\141\000\040\0001\0000\0002\377\032\116\072\116\300\116\110\000\040\000A\000g\000e\000n\000t\000\040\211\201\147\011\133\241\213\241\123\313\131\175\166\204\225\031\213\357\170\001}{section.21}% 234
\BOOKMARK [2][-]{subsection.21.103}{\376\377\0002\0001\000.\0001\0000\0003\000\040\230\230\123\141\000\040\0001\0000\0003\377\032\116\072\116\300\116\110\116\012\116\013\145\207\123\213\177\051\117\032\137\161\124\315\140\142\131\015}{section.21}% 235
\BOOKMARK [2][-]{subsection.21.104}{\376\377\0002\0001\000.\0001\0000\0004\000\040\230\230\123\141\000\040\0001\0000\0004\377\032\116\072\116\300\116\110\000\040\000A\000g\000e\000n\000t\000\040\211\201\123\357\146\202\120\134}{section.21}% 236
\BOOKMARK [2][-]{subsection.21.105}{\376\377\0002\0001\000.\0001\0000\0005\000\040\230\230\123\141\000\040\0001\0000\0005\377\032\116\072\116\300\116\110\000\040\000A\000g\000e\000n\000t\000\040\227\000\211\201\217\271\165\114\210\150\217\276}{section.21}% 237
\BOOKMARK [1][-]{section.22}{\376\377\0002\0002\000\040\165\037\116\247\176\247\227\347\140\047\116\016\133\211\121\150\221\315\147\204\377\032\213\276\213\241\213\364\146\016\116\016\227\142\213\325\173\124\154\325}{}% 238
\BOOKMARK [2][-]{subsection.22.1}{\376\377\0002\0002\000.\0001\000\040\123\357\220\000\123\026\147\266\147\204\377\032\116\316\121\150\147\011\142\026\121\150\145\340\123\330\142\020\120\145\136\267\060\001\226\115\176\247\060\001\140\142\131\015}{section.22}% 239
\BOOKMARK [2][-]{subsection.22.2}{\376\377\0002\0002\000.\0002\000\040\133\211\121\150\217\271\165\114\377\032\145\160\143\156\137\122\134\136\060\001\116\344\162\114\165\037\124\175\124\150\147\037\116\016\236\330\213\244\142\322\176\335}{section.22}% 240
\BOOKMARK [2][-]{subsection.22.3}{\376\377\0002\0002\000.\0003\000\040\221\115\177\156\116\016\133\306\224\245\377\032\143\011\116\073\117\123\226\224\171\273\377\014\136\166\213\262\156\005\132\001\200\301\152\041\127\213}{section.22}% 241
\BOOKMARK [2][-]{subsection.22.4}{\376\377\0002\0002\000.\0004\000\040\121\174\133\271\134\102\116\016\000\040\000f\000a\000c\000a\000d\000e\377\032\221\315\147\204\116\015\136\224\116\000\153\041\140\047\170\064\127\117\214\003\165\050\227\142}{section.22}% 242
\BOOKMARK [2][-]{subsection.22.5}{\376\377\0002\0002\000.\0005\000\040\176\337\116\000\000\040\000L\000L\000M\000\040\000a\000d\000a\000p\000t\000e\000r\377\032\142\212\000\040\000p\000r\000o\000v\000i\000d\000e\000r\000\040\135\356\137\002\226\224\171\273\127\050\217\271\165\114}{section.22}% 243
\BOOKMARK [2][-]{subsection.22.6}{\376\377\0002\0002\000.\0006\000\040\143\320\171\072\154\350\121\145\377\032\142\212\116\015\123\357\117\341\145\160\143\156\145\076\217\333\145\160\143\156\155\101\377\014\200\014\116\015\146\057\116\000\123\345\000\040\000s\000y\000s\000t\000e\000m\000\040\000p\000r\000o\000m\000p\000t}{section.22}% 244
\BOOKMARK [2][-]{subsection.22.7}{\376\377\0002\0002\000.\0007\000\040\120\145\136\267\150\300\147\345\377\032\000l\000i\000v\000e\000n\000e\000s\000s\000\040\116\016\000\040\000r\000e\000a\000d\000i\000n\000e\000s\000s\000\040\137\305\230\173\122\006\137\000}{section.22}% 245
\BOOKMARK [2][-]{subsection.22.8}{\376\377\0002\0002\000.\0008\000\040\116\012\117\040\116\016\145\207\150\143\165\037\124\175\124\150\147\037\377\032\116\015\146\057\116\000\116\052\000\040\000s\000a\000v\000e\000\050\000f\000i\000l\000e\000\051}{section.22}% 246
\BOOKMARK [2][-]{subsection.22.9}{\376\377\0002\0002\000.\0009\000\040\131\007\116\375\133\374\121\372\000/\133\374\121\145\377\032\000m\000e\000r\000g\000e\000-\000o\000n\000l\000y\000\040\116\315\161\066\211\201\147\011\116\213\122\241\217\271\165\114}{section.22}% 247
\BOOKMARK [2][-]{subsection.22.10}{\376\377\0002\0002\000.\0001\0000\000\040\147\054\127\060\143\001\116\105\123\026\377\032\000J\000S\000O\000N\000\040\116\137\211\201\220\165\133\210\145\160\143\156\136\223\137\017\123\237\133\120\121\231}{section.22}% 248
\BOOKMARK [2][-]{subsection.22.11}{\376\377\0002\0002\000.\0001\0001\000\040\155\113\213\325\145\207\123\026\377\032\153\317\116\052\167\037\133\236\116\213\145\105\220\375\165\131\116\013\123\357\126\336\137\122\166\204\124\015\133\127}{section.22}% 249
\BOOKMARK [2][-]{subsection.22.12}{\376\377\0002\0002\000.\0001\0002\000\040\116\015\127\050\147\054\217\156\203\003\126\364\166\204\124\016\123\360\201\352\122\250\123\026\116\016\147\052\147\145\131\032\116\073\117\123}{section.22}% 250
\BOOKMARK [2][-]{subsection.22.13}{\376\377\0002\0002\000.\0001\0003\000\040\147\000\176\310\123\326\202\015\140\073\210\150}{section.22}% 251
\BOOKMARK [1][-]{section.23}{\376\377\0002\0003\000\040\226\104\137\125\377\032\137\123\122\115\116\323\136\223\163\260\133\236\060\001\217\271\165\114\116\016\157\024\217\333\215\357\176\277}{}% 252
\BOOKMARK [2][-]{subsection.23.1}{\376\377\0002\0003\000.\0001\000\040\137\123\122\115\135\362\150\070\133\236\166\204\163\260\133\236\176\323\213\272}{section.23}% 253
\BOOKMARK [2][-]{subsection.23.2}{\376\377\0002\0003\000.\0002\000\040\137\123\122\115\116\315\133\130\127\050\166\204\121\163\225\056\217\271\165\114}{section.23}% 254
\BOOKMARK [2][-]{subsection.23.3}{\376\377\0002\0003\000.\0003\000\040\136\372\213\256\166\204\116\011\226\066\153\265\157\024\217\333}{section.23}% 255
\BOOKMARK [2][-]{subsection.23.4}{\376\377\0002\0003\000.\0004\000\040\147\000\176\310\166\204\227\142\213\325\140\073\176\323\123\345}{section.23}% 256
